// Vitest Snapshot v1, https://vitest.dev/guide/snapshot.html

exports[`+ AppVue unit test > should render properly 1`] = `
"<transition-stub data-v-7a7a37b1="" name="slide-fade" appear="false" persisted="true" css="true">
  <div data-v-7a7a37b1="" style="display: none;">
    <navigation-component-stub data-v-7a7a37b1=""></navigation-component-stub>
    <hero-component-stub data-v-7a7a37b1=""></hero-component-stub>
    <general-layout-stub data-v-7a7a37b1=""></general-layout-stub>
  </div>
</transition-stub>"
`;
